2026-10-06T04:19:24Z INF Thank you for trying Cloudflare Tunnel. Doing so, without a Cloudflare account, is a quick way to experiment and try it out. However, be aware that these account-less Tunnels have no uptime guarantee, are subject to the Cloudflare Online Services Terms of Use (https://www.cloudflare.com/website-terms/), and Cloudflare reserves the right to investigate your use of Tunnels for violations of such terms. If you intend to use Tunnels in production you should use a pre-created named tunnel by following: https://developers.cloudflare.com/cloudflare-one/connections/connect-apps
2026-10-06T04:19:24Z INF Requesting new quick Tunnel on trycloudflare.com...
2026-10-06T04:19:27Z INF +--------------------------------------------------------------------------------------------+
2026-10-06T04:19:27Z INF |  Your quick Tunnel has been created! Visit it at (it may take some time to be reachable):  |
2026-10-06T04:19:27Z INF |  https://cells-advisors-son-tall.trycloudflare.com                                         |
2026-10-06T04:19:27Z INF +--------------------------------------------------------------------------------------------+
2026-10-06T04:19:27Z INF Cannot determine default configuration path. No file [config.yml config.yaml] in [~/.cloudflared ~/.cloudflare-warp ~/cloudflare-warp /etc/cloudflared /usr/local/etc/cloudflared]
2026-10-06T04:19:27Z INF Version 2026.9.3 (Checksum 5472c1a01c84bc31b3021056a73b4e5774ddddefc572124ea8fdf6c340639f32)
2026-10-06T04:19:27Z INF GOOS: darwin, GOVersion: go1.27.1, GoArch: arm64
2026-10-06T04:19:27Z INF Settings: map[ha-connections:1 protocol:quic url:http://127.0.0.1:5001]
2026-10-06T04:19:27Z INF Autoupdate frequency is set autoupdateFreq=86400000
2026-10-06T04:19:28Z INF Generated Connector ID: 91543e59-c1a4-4b6b-b332-c97c21782227
2026-10-06T04:19:28Z INF Initial protocol quic
2026-10-06T04:19:28Z INF ICMP proxy will use 10.211.1.242 as source for IPv4
2026-10-06T04:19:28Z INF ICMP proxy will use fe80::c90:71e5:aadb:d6d7 in zone en0 as source for IPv6
2026-10-06T04:19:28Z INF Created ICMP proxy listening on 10.211.1.242:0
2026-10-06T04:19:29Z INF ICMP proxy will use 10.211.1.242 as source for IPv4
2026-10-06T04:19:29Z INF ICMP proxy will use fe80::c90:71e5:aadb:d6d7 in zone en0 as source for IPv6
2026-10-06T04:19:29Z INF Starting metrics server on 127.0.0.1:20241/metrics
2026-10-06T04:19:29Z INF Tunnel connection curve preferences: [X25519MLKEM768 CurveID(65074) CurveP256] connIndex=0 event=0 ip=198.41.200.53
2026-10-06T04:19:30Z INF Registered tunnel connection connIndex=0 connection=6994011d-8120-40f8-94d0-461222434a38 event=0 ip=198.41.200.53 location=icn05 protocol=quic
2026-10-06T04:19:35Z INF +-------------------------------------------------------------------------------------+
2026-10-06T04:19:35Z INF |                               CONNECTIVITY PRE-CHECKS                               |
2026-10-06T04:19:35Z INF +-------------------------------------------------------------------------------------+
2026-10-06T04:19:35Z INF |  COMPONENT         TARGET                     STATUS  DETAILS                       |
2026-10-06T04:19:35Z INF |  DNS Resolution    region1.v2.argotunnel.com  PASS    DNS Resolved successfully     |
2026-10-06T04:19:35Z INF |  DNS Resolution    region2.v2.argotunnel.com  PASS    DNS Resolved successfully     |
2026-10-06T04:19:35Z INF |  UDP Connectivity  region1.v2.argotunnel.com  PASS    QUIC connection successful    |
2026-10-06T04:19:35Z INF |  UDP Connectivity  region2.v2.argotunnel.com  PASS    QUIC connection successful    |
2026-10-06T04:19:35Z INF |  TCP Connectivity  region1.v2.argotunnel.com  PASS    HTTP/2 connection successful  |
2026-10-06T04:19:35Z INF |  TCP Connectivity  region2.v2.argotunnel.com  PASS    HTTP/2 connection successful  |
2026-10-06T04:19:35Z INF |  Cloudflare API    api.cloudflare.com:443     PASS    API is reachable              |
2026-10-06T04:19:35Z INF |                                                                                     |
2026-10-06T04:19:35Z INF |  SUMMARY: Environment is healthy. cloudflared will use 'quic' as primary protocol.  |
2026-10-06T04:19:35Z INF +-------------------------------------------------------------------------------------+
2026-10-06T04:19:35Z INF precheck component="DNS Resolution" details="DNS Resolved successfully" run_id=53e4c9db-ba06-4c5c-9b0e-00144f477608 status=pass target=region1.v2.argotunnel.com
2026-10-06T04:19:35Z INF precheck component="DNS Resolution" details="DNS Resolved successfully" run_id=53e4c9db-ba06-4c5c-9b0e-00144f477608 status=pass target=region2.v2.argotunnel.com
2026-10-06T04:19:35Z INF precheck component="UDP Connectivity" details="QUIC connection successful" run_id=53e4c9db-ba06-4c5c-9b0e-00144f477608 status=pass target=region1.v2.argotunnel.com
2026-10-06T04:19:35Z INF precheck component="UDP Connectivity" details="QUIC connection successful" run_id=53e4c9db-ba06-4c5c-9b0e-00144f477608 status=pass target=region2.v2.argotunnel.com
2026-10-06T04:19:35Z INF precheck component="TCP Connectivity" details="HTTP/2 connection successful" run_id=53e4c9db-ba06-4c5c-9b0e-00144f477608 status=pass target=region1.v2.argotunnel.com
2026-10-06T04:19:35Z INF precheck component="TCP Connectivity" details="HTTP/2 connection successful" run_id=53e4c9db-ba06-4c5c-9b0e-00144f477608 status=pass target=region2.v2.argotunnel.com
2026-10-06T04:19:35Z INF precheck component="Cloudflare API" details="API is reachable" run_id=53e4c9db-ba06-4c5c-9b0e-00144f477608 status=pass target=api.cloudflare.com:443
2026-10-06T04:19:35Z INF precheck complete hard_fail=false run_id=53e4c9db-ba06-4c5c-9b0e-00144f477608 suggested_protocol=quic
